Turbo Assembler	 Version 4.0	    02/11/18 20:47:15	    Page 1
dani.asm



      1	0000			     MODEL tiny;
      2	0000			     .DATA
      3
      4	0000  F8		     k db -8
      5	0001  F6		     db	-10
      6	0002  FFF6		     dw	-10
      7	0004  0F		     db	15
      8	0005  F1		     db	-15
      9	0006  FE		     db	0feh
     10	0007  00		     db	0b12h
**Error** dani.asm(10) Value out of range
     11	0008  66		     db	01100110b
     12	0009  008B		     dw	10001011b
     13	000B  000D		     dw	13
     14	000D  3066		     dw	'0f'
     15	000F  0245		     dw	0245h
     16	0011  0005		     dw	0101b
     17	0013  0A32		     dw	0a32h
     18	0015  0F45		     dw	0f45h
     19	0017  0037		     dw	55
     20	0019  0C47		     dw	0c47h
     21	001B  00AF		     dw	0afh
     22	001D  00000004 00000008	  +  dd	4, 8, 0Ah, 0ffh
     23	      0000000A 000000FF
     24	002D  FFF1		     dw	-15
     25	002F  F0		     db	-16
     26	0030  FFF0		     dw	-16
     27	0032  7F		     r db 127
     28	0033  81		     q db -127
     29	0034  FF81		     t1	dw -127
     30	0036  80		     db	128
     31	0037  80		     i db -128
     32	0038  FF80		     i1	dw -128
     33	003A  7F		     w db -129
     34	003B  FF7F		     p dw -129
     35	003D  FF		     db	255
     36	003E  01		     db	-255
     37	003F  00		     db	256
**Error** dani.asm(36) Value out of range
     38	0040  0100		     dw	256
     39	0042  8000		     q dw -32768
**Error** dani.asm(38) Symbol already different	kind: Q
     40	0044  FFFFFFFF8000	     rr1 df -32768
     41	004A  FFFF8000		     zz1 dd -32768
     42	004E  7FFF		     j dw 32767
     43	0050  FFFF		     a dw 65535
     44	0052  0001		     dw	-65535
     45	0054  FFFF0001		     dd	-65535
     46	0058  7FFE7960		     dd	-2147583648
     47	005C  7FFE7961		     dd	-2147583647
     48	0060  FFFFFFFF7FFE7960	     dq	-2147583648
     49	0068  FFFFFFFF7FFE7961	     dq	-2147583647
     50	0070  00A8		     ll	dw 10101000b
     51	0072  0C B9 00		     ff	db 12, "¹", 0b12h
**Error** dani.asm(50) Value out of range
     52	0075  000C 00B9	0B12	     f1	dw 12, "¹", 0b12h
     53	007B  05		     g5	db 0101b
Turbo Assembler	 Version 4.0	    02/11/18 20:47:15	    Page 2
dani.asm



     54	007C  0005		     ss	dw 00000101b
**Error** dani.asm(53) Symbol already different	kind: SS
     55	007E  000000000000001A	     xx	dq 26
     56	0086  0F45 0037	0042	     c1	dw 0f45h, 55, 66
     57	008C  8F		     a1	db -113
     58	008D  FF7B		     aa2 dw -133
     59	008F  61		     ii	db -159
     60	0090  FF61		     i11 dw -159
     61	0092  A7		     s1	db -89
     62	0093  FFA7		     ss5 dw -89
     63	0095  A4		     s2	db -92
     64	0096  FFA4		     ff2 dw -92
     65	0098  FF19		     s3	dw -231
     66	009A  73 69 67 6D 61	     a11 db "sigma"
     67	009F  0000		     a22 dw e301h
**Error** dani.asm(66) Undefined symbol: E301H
     68	00A1  0C		     a33 db 12
     69	00A2  009Ar		     a55 dw offset a11
     70	00A4  000D		     a66 dw 13
     71	00A6  FF85		     gg	dw -123
     72	00A8  FFF7		     hh	dw -9
     73				     end
Turbo Assembler	 Version 4.0	    02/11/18 20:47:15	    Page 3
Symbol Table




Symbol Name			  Type	 Value

??DATE				  Text	 "02/11/18"
??FILENAME			  Text	 "dani	  "
??TIME				  Text	 "20:47:15"
??VERSION			  Number 0400
@32BIT				  Text	 0
@CODE				  Text	 DGROUP
@CODESIZE			  Text	 0
@CPU				  Text	 0101H
@CURSEG				  Text	 _DATA
@DATA				  Text	 DGROUP
@DATASIZE			  Text	 0
@FILENAME			  Text	 DANI
@INTERFACE			  Text	 00H
@MODEL				  Text	 1
@STACK				  Text	 DGROUP
@WORDSIZE			  Text	 2
A				  Word	 DGROUP:0050
A1				  Byte	 DGROUP:008C
A11				  Byte	 DGROUP:009A
A22				  Word	 DGROUP:009F
A33				  Byte	 DGROUP:00A1
A55				  Word	 DGROUP:00A2
A66				  Word	 DGROUP:00A4
AA2				  Word	 DGROUP:008D
C1				  Word	 DGROUP:0086
F1				  Word	 DGROUP:0075
FF				  Byte	 DGROUP:0072
FF2				  Word	 DGROUP:0096
G5				  Byte	 DGROUP:007B
GG				  Word	 DGROUP:00A6
HH				  Word	 DGROUP:00A8
I				  Byte	 DGROUP:0037
I1				  Word	 DGROUP:0038
I11				  Word	 DGROUP:0090
II				  Byte	 DGROUP:008F
J				  Word	 DGROUP:004E
K				  Byte	 DGROUP:0000
LL				  Word	 DGROUP:0070
P				  Word	 DGROUP:003B
Q				  Byte	 DGROUP:0033
R				  Byte	 DGROUP:0032
RR1				  Pword	 DGROUP:0044
S1				  Byte	 DGROUP:0092
S2				  Byte	 DGROUP:0095
S3				  Word	 DGROUP:0098
SS5				  Word	 DGROUP:0093
T1				  Word	 DGROUP:0034
W				  Byte	 DGROUP:003A
XX				  Qword	 DGROUP:007E
ZZ1				  Dword	 DGROUP:004A
Turbo Assembler	 Version 4.0	    02/11/18 20:47:15	    Page 4
Symbol Table




Groups & Segments		  Bit Size Align  Combine Class

DGROUP				  Group
  _DATA				  16  00AA Word	  Public  DATA
  _TEXT				  16  0000 Word	  Public  CODE
Turbo Assembler	 Version 4.0	    02/11/18 20:47:15	    Page 5
Error Summary



**Error** dani.asm(10) Value out of range
**Error** dani.asm(36) Value out of range
**Error** dani.asm(38) Symbol already different	kind: Q
**Error** dani.asm(50) Value out of range
**Error** dani.asm(53) Symbol already different	kind: SS
**Error** dani.asm(66) Undefined symbol: E301H
